Content-Type: multipart/mixed; boundary="//"
MIME-Version: 1.0

--//
Content-Type: text/cloud-config; charset="us-ascii"
MIME-Version: 1.0
Content-Transfer-Encoding: 7bit
Content-Disposition: attachment; filename="cloud-config.txt"

#cloud-config
cloud_final_modules:
- [scripts-user, always]

--//
Content-Type: text/x-shellscript; charset="us-ascii"
MIME-Version: 1.0
Content-Transfer-Encoding: 7bit
Content-Disposition: attachment; filename="userdata.txt"

#!/bin/bash
exitcode=0
green="\e[32m"
red="\e[31m"
rustpmlogdir="/home/rustserver"
rustpmlog="/home/rustserver/rustpm.log"
steamcmddir="/usr/bin/steamcmd"

fn_script_log_fatal(){
  if [ -d "${rustpmlogdir}" ]; then
    echo -e "$(date '+%b %d %H:%M:%S.%3N'): FATAL: ${1}" >> "${rustpmlog}"
  fi
  exitcode=1
}
fn_script_log_error(){
  if [ -d "${rustpmlogdir}" ]; then
    echo -e "$(date '+%b %d %H:%M:%S.%3N'): ERROR: ${1}" >> "${rustpmlog}"
  fi
  exitcode=2
}
fn_script_log_pass(){
  if [ -d "${rustpmlogdir}" ]; then
    echo -e "$(date '+%b %d %H:%M:%S.%3N'): PASS: ${1}" >> "${rustpmlog}"
  fi
  exitcode=0
}
fn_sleep_time(){
  sleep "0.5"
}
fn_print_failure_nl(){
  echo -e "${red}Failure! $*"
  fn_sleep_time
}
fn_print_error2_nl(){
  echo -e "${red}Error! $*"
  fn_sleep_time
}
fn_print_complete_nl(){
  echo -e "${green}Complete! $*"
  fn_sleep_time
}
fn_dl_steamcmd(){
  if [ -d "${steamcmddir}" ]; then
    cd "${steamcmddir}" || exit
  fi

  # To do error checking for SteamCMD the output of steamcmd will be saved to a log.
  steamcmdlog="${rustpmlogdir}/steamcmd.log"

  # clear previous steamcmd log
  if [ -f "${steamcmdlog}" ]; then
    rm -f "${steamcmdlog:?}"
  fi

  counter=0
  while [ "${counter}" == "0" ]||[ "${exitcode}" != "0" ]; do
    counter=$((counter+1))
    # Select SteamCMD parameters
    # If GoldSrc (appid 90) servers. GoldSrc (appid 90) require extra commands.
    # All other servers.
    su -c  "steamcmd +login anonymous +force_install_dir /home/rustserver +app_update 258550 validate +quit | uniq > \"${steamcmdlog}\"" - rustserver

      # Error checking for SteamCMD. Some errors will loop to try again and some will just exit.
      # Check also if we have more errors than retries to be sure that we do not loop to many times and error out.
      exitcode=$?
      if [ -n "$(grep -i "Error!" "${steamcmdlog}" | tail -1)" ]&&[ "$(grep -ic "Error!" "${steamcmdlog}")" -ge "${counter}" ] ; then
        # Not enough space.
        if [ -n "$(grep "0x202" "${steamcmdlog}" | tail -1)" ]; then
          fn_print_failure_nl "Not enough disk space to download server files"
          fn_script_log_fatal "Not enough disk space to download server files"
          exit "${exitcode}"
        # Not enough space.
        elif [ -n "$(grep "0x212" "${steamcmdlog}" | tail -1)" ]; then
          fn_print_failure_nl "Not enough disk space to download server files"
          fn_script_log_fatal "Not enough disk space to download server files"
          exit "${exitcode}"
        # Need to purchase game.
        elif [ -n "$(grep "No subscription" "${steamcmdlog}" | tail -1)" ]; then
          fn_print_failure_nl "Steam account does not have a license for the required game"
          fn_script_log_fatal "Steam account does not have a license for the required game"
          exit "${exitcode}"
        # Update did not finish.
        elif [ -n "$(grep "0x402" "${steamcmdlog}" | tail -1)" ]||[ -n "$(grep "0x602" "${steamcmdlog}" | tail -1)" ]; then
          fn_print_error2_nl "Update required but not completed - check network"
          fn_script_log_error "Update required but not completed - check network"
        else
          fn_print_error2_nl "Unknown error occurred"
          fn_script_log_error "Unknown error occurred"
        fi
      elif [ "${exitcode}" != "0" ]; then
        fn_print_error2_nl "Exit code: ${exitcode}"
        fn_script_log_error "Exit code: ${exitcode}"
      else
        fn_print_complete_nl
        fn_script_log_pass
      fi

      if [ "${counter}" -gt "10" ]; then
        fn_print_failure_nl "Did not complete the download, too many retrys"
        fn_script_log_fatal "Did not complete the download, too many retrys"
        exit "${exitcode}"
      fi
  done
}

dpkg --add-architecture i386
apt-get update && apt-get upgrade -y
apt-get install -y \
  ca-certificates \
  lib32gcc1 \
  libsdl2-2.0-0:i386 \
  libsdl2-2.0-0 \
  sqlite3 \
        docker.io \
        unzip

echo steamcmd steam/license note '' | debconf-set-selections
echo steamcmd steam/question select "I AGREE" | debconf-set-selections
apt-get install -y steamcmd
ln -s /usr/games/steamcmd /usr/bin/steamcmd

id -u rustserver &>/dev/null || adduser --disabled-password --gecos "" rustserver
fn_dl_steamcmd

su -c "curl --output Oxide.Rust-linux.zip -L https://github.com/OxideMod/Oxide.Rust/releases/latest/download/Oxide.Rust-linux.zip" - rustserver
su -c "unzip -o -d /home/rustserver/ Oxide.Rust-linux.zip" - rustserver

su -c "mkdir -p /home/rustserver/server/rustpm/cfg" - rustserver

find /home/rustserver/server/rustpm -name "player\.blueprints\.*\.db" | xargs rm
 
find /home/rustserver/server/rustpm -name 'proceduralmap\.*\.*\.*\.map' | xargs rm
 
export LD_LIBRARY_PATH=/home/rustserver:/home/rustserver/RustDedicated:{LD_LIBRARY_PATH};

echo "--- Starting Dedicated Server\n"
while true; do
  su -c "/home/rustserver/RustDedicated -batchmode -nographics \
    -server.ip \"east-main.rustpm.com\" \
    -server.identity \"Rustpm East Main\" \
    -server.hostname \"rustpm-east-1\" \
    -server.port \"28015\" \
    -rcon.ip \"east-main.rustpm.com\" \
    -rcon.password \"rustpm-rconpassword\" \
    -rcon.web \"1\" \
    -rcon.port \"28016\" \
    -app.listenip \"east-main.rustpm.com\" \
    -app.port \"28082\" \
    -server.maxplayers 100 \
    -server.worldsize 2000 \
    -server.seed 123 \
    -server.salt 321 \
    -server.tickrate 30 \
    -server.saveinterval 300 \
    -server.headerimage \"https://s3.amazonaws.com/rustpm.public.assets/banner.png\" \
    -server.description \"Rustpm US East Main | Test Description\" \
    -logfile" - rustserver
  echo "\n--- Restarting Dedicated Server\n"
done
--//
