[
	{
		"id": "id",
		"definition": {
			"id": "id",
			"name": "Interation Test Alpha",
			"instanceKind": "STANDARD",
			"instanceID": "instanceId",
			"allocationID": "allocationId",
			"elasticIP": "elasticIp",
			"maxPlayers": 200,
			"mapSize": 2000,
			"mapSeed": 1,
			"mapSalt": 1,
			"tickRate": 30,
			"rconPassword": "rconpassword",
			"description": "Rustpm integration test server.",
			"background": "AIRPORT",
			"url": "rustpm.com",
			"bannerURL": "rustpm.com/banner",
			"wipeDay": "FRIDAY",
			"blueprintWipeFrequency": "MONTHLY",
			"mapWipeFrequency": "WEEKLY",
			"region": "US_EAST",
			"schedule": [
				{
					"id": "id",
					"day": 1,
					"hour": 18,
					"kind": "START"
				},
				{
					"id": "id",
					"day": 2,
					"hour": 21,
					"kind": "STOP"
				},
				{
					"id": "id",
					"day": 2,
					"hour": 18,
					"kind": "START"
				},
				{
					"id": "id",
					"day": 3,
					"hour": 21,
					"kind": "STOP"
				},
				{
					"id": "id",
					"day": 3,
					"hour": 18,
					"kind": "START"
				},
				{
					"id": "id",
					"day": 4,
					"hour": 21,
					"kind": "STOP"
				},
				{
					"id": "id",
					"day": 4,
					"hour": 18,
					"kind": "START"
				},
				{
					"id": "id",
					"day": 5,
					"hour": 21,
					"kind": "STOP"
				},
				{
					"id": "id",
					"day": 5,
					"hour": 18,
					"kind": "START"
				},
				{
					"id": "id",
					"day": 6,
					"hour": 21,
					"kind": "STOP"
				},
				{
					"id": "id",
					"day": 6,
					"hour": 18,
					"kind": "START"
				},
				{
					"id": "id",
					"day": 7,
					"hour": 21,
					"kind": "STOP"
				},
				{
					"id": "id",
					"day": 7,
					"hour": 18,
					"kind": "START"
				},
				{
					"id": "id",
					"day": 1,
					"hour": 21,
					"kind": "STOP"
				}
			],
			"moderators": [
				{
					"id": "id",
					"steamID": "76561197962911631"
				}
			],
			"tags": [
				{
					"id": "id",
					"description": "Region",
					"icon": "GLOBE",
					"value": "US East"
				},
				{
					"id": "id",
					"description": "Map Size",
					"icon": "MAP",
					"value": "4000"
				},
				{
					"id": "id",
					"description": "Map Seed",
					"icon": "GAMES",
					"value": "3253"
				}
			]
		},
		"updatedAt": "0001-01-01T00:00:00Z",
		"createdAt": "0001-01-01T00:00:00Z"
	}
]